error[E0080]: evaluation of constant value failed
  --> fail/interface/trait/missing_field_argument.rs:16:8
   |
16 |     fn id(&self, is_present: bool) -> &str;
   |        ^^ evaluation panicked: Failed to implement interface `Character` on `ObjA`: Field `id`: Argument `isPresent` of type `Boolean!` was expected, but not found.
   |
   = note: this error originates in the macro `$crate::panic::panic_2021` which comes from the expansion of the macro `::juniper::assert_field` (in Nightly builds, run with -Z macro-backtrace for more info)
